case__16: 
logic__61: 
datapath__62: 
reg__2: 
logic__71: 
logic__25: 
case__27: 
datapath__87: 
logic__90: 
datapath__74: 
datapath__61: 
case__32: 
logic__26: 
logic__32: 
case__39: 
case__24: 
logic__105: 
datapath__60: 
datapath__79: 
datapath__32: 
datapath__3: 
datapath__84: 
datapath__68: 
case__14: 
case__15: 
datapath__9: 
logic__133: 
datapath__77: 
datapath__69: 
datapath__59: 
muxpart__1: 
datapath__71: 
datapath__16: 
datapath__30: 
screen_writer: 
case__29: 
logic__77: 
datapath__48: 
logic__38: 
datapath__10: 
datapath__58: 
datapath__47: 
logic__85: 
case__28: 
logic__43: 
datapath__57: 
datapath__2: 
case__2: 
datapath__21: 
datapath__27: 
logic__1: 
muxpart: 
datapath__6: 
datapath__12: 
datapath: 
case__40: 
case__8: 
dsp48e1: 
datapath__8: 
datapath__33: 
logic__91: 
case__3: 
case__34: 
case__10: 
datapath__91: 
case__22: 
datapath__35: 
logic__125: 
case__31: 
logic: 
datapath__29: 
case__25: 
datapath__88: 
case__26: 
logic__81: 
reg: 
datapath__93: 
datapath__7: 
datapath__76: 
datapath__41: 
logic__113: 
logic__97: 
logic__83: 
datapath__46: 
datapath__25: 
logic__46: 
case__35: 
datapath__53: 
datapath__70: 
datapath__85: 
datapath__56: 
datapath__37: 
datapath__22: 
datapath__31: 
logic__51: 
logic__45: 
datapath__94: 
logic__87: 
logic__8: 
datapath__52: 
datapath__1: 
datapath__17: 
datapath__63: 
case__4: 
muxpart__2: 
datapath__67: 
case__20: 
case__18: 
logic__2: 
datapath__28: 
case__11: 
case__7: 
datapath__20: 
logic__44: 
logic__7: 
datapath__19: 
logic__56: 
top: 
datapath__5: 
case__12: 
case__17: 
SPI: 
case__23: 
datapath__24: 
datapath__73: 
logic__120: 
case__38: 
case__9: 
datapath__36: 
logic__10: 
datapath__80: 
reg__6: 
datapath__40: 
logic__114: 
datapath__42: 
logic__129: 
datapath__55: 
datapath__13: 
datapath__54: 
case__1: 
datapath__64: 
case__5: 
datapath__38: 
case__36: 
logic__99: 
reg__7: 
logic__50: 
datapath__72: 
logic__66: 
logic__34: 
logic__88: 
logic__75: 
datapath__15: 
case__33: 
logic__6: 
reg__5: 
datapath__14: 
datapath__45: 
reg__4: 
datapath__86: 
dsp48e1__3: 
datapath__83: 
datapath__51: 
reg__1: 
datapath__49: 
logic__82: 
datapath__75: 
color_scheme: 
case__6: 
datapath__43: 
logic__33: 
datapath__81: 
logic__3: 
muxpart__5: 
dsp48e1__1: 
logic__79: 
case__37: 
case: 
case__13: 
datapath__34: 
VGA: 
logic__121: 
datapath__23: 
datapath__89: 
dsp48e1__2: 
muxpart__3: 
logic__31: 
datapath__18: 
datapath__50: 
datapath__95: 
reg__3: 
datapath__65: 
datapath__78: 
datapath__44: 
muxpart__4: 
datapath__11: 
datapath__92: 
case__30: 
datapath__26: 
datapath__90: 
logic__108: 
case__41: 
logic__9: 
datapath__4: 
case__19: 
datapath__82: 
datapath__66: 
case__21: 
